// Jest Snapshot v1, https://goo.gl/fbAQLP

exports[`DetalhesPrint loads corretly 1`] = `
<DOCUMENT>
  <PAGE
    size="A4"
    style={
      Object {
        "alignItems": "center",
        "display": "flex",
        "flexDirection": "column",
        "height": "100%",
        "justifyContent": "center",
        "marginBottom": 30,
        "padding": 30,
        "width": "100%",
      }
    }
  >
    <VIEW
      style={
        Object {
          "alignItems": "flex-start",
          "display": "flex",
          "flexDirection": "row",
          "justifyContent": "space-between",
          "width": "100%",
        }
      }
    >
      <VIEW
        style={
          Object {
            "alignItems": "flex-start",
            "backgroundColor": "gray",
            "color": "black",
            "display": "flex",
            "flexDirection": "column",
            "fontSize": 12,
            "height": "10vh",
            "justifyContent": "center",
            "paddingLeft": 10,
            "width": "70%",
          }
        }
      >
        <TEXT>
          NOME DA IES
        </TEXT>
        <TEXT>
          Endereço, Cidade, Estado e CEP
        </TEXT>
        <TEXT>
          Telefone telefone E-mail Redes Sociais
        </TEXT>
      </VIEW>
      <VIEW
        style={
          Object {
            "alignItems": "center",
            "backgroundColor": "gray",
            "display": "flex",
            "flexDirection": "column",
            "fontSize": 12,
            "height": "10vh",
            "justifyContent": "center",
            "width": "28%",
          }
        }
      >
        <TEXT>
          LOGO TIPO DA IES
        </TEXT>
        <IMAGE
          src="test-file-stub"
          style={
            Object {
              "width": 24,
            }
          }
        />
      </VIEW>
    </VIEW>
    <TEXT
      style={
        Object {
          "fontSize": 18,
          "marginBottom": 10,
          "marginTop": 10,
          "width": "100%",
        }
      }
    >
      RELATÓRIO INDIVIDUAL DA PREDIÇÃO DE EVASÃO
    </TEXT>
    <TEXT
      style={
        Object {
          "fontSize": 14,
          "width": "100%",
        }
      }
    >
      DADOS DO DISCENTE
    </TEXT>
    <VIEW
      style={
        Object {
          "borderBottom": "3 solid orange",
          "marginTop": 10,
          "width": "100%",
        }
      }
    />
    <VIEW
      style={
        Object {
          "flexDirection": "row",
          "justifyContent": "space-between",
          "width": "100%",
        }
      }
    >
      <VIEW
        style={
          Object {
            "fontSize": 10,
            "padding": "5 5 5 0",
            "width": "30%",
          }
        }
      >
        <TEXT
          style={
            Object {
              "backgroundColor": "gray",
              "borderBottom": "2px solid white",
              "color": "white",
              "padding": 5,
            }
          }
        >
          MATRÍCULA
        </TEXT>
        <TEXT
          style={
            Object {
              "backgroundColor": "lightcyan",
              "color": "black",
              "padding": 5,
            }
          }
        >
          201300766
        </TEXT>
      </VIEW>
      <VIEW
        style={
          Object {
            "fontSize": 10,
            "padding": "5 5 5 0",
            "width": "30%",
          }
        }
      >
        <TEXT
          style={
            Object {
              "backgroundColor": "gray",
              "borderBottom": "2px solid white",
              "color": "white",
              "padding": 5,
            }
          }
        >
          NOME DO CURSO
        </TEXT>
        <TEXT
          style={
            Object {
              "backgroundColor": "lightcyan",
              "color": "black",
              "padding": 5,
            }
          }
        >
          CIÊNCIA DA COMPUTAÇÃO
        </TEXT>
      </VIEW>
      <VIEW
        style={
          Object {
            "fontSize": 10,
            "padding": "5 5 5 0",
            "width": "30%",
          }
        }
      >
        <TEXT
          style={
            Object {
              "backgroundColor": "gray",
              "borderBottom": "2px solid white",
              "color": "white",
              "padding": 5,
            }
          }
        >
          PROBABILIDADE DE EVASÃO (%)
        </TEXT>
        <TEXT
          style={
            Object {
              "backgroundColor": "lightcyan",
              "color": "black",
              "padding": 5,
            }
          }
        >
          60.2
          %
        </TEXT>
      </VIEW>
    </VIEW>
    <VIEW
      style={
        Object {
          "flexDirection": "row",
          "justifyContent": "space-between",
          "width": "100%",
        }
      }
    >
      <VIEW
        style={
          Object {
            "fontSize": 10,
            "padding": "5 5 5 0",
            "width": "30%",
          }
        }
      >
        <TEXT
          style={
            Object {
              "backgroundColor": "gray",
              "borderBottom": "2px solid white",
              "color": "white",
              "padding": 5,
            }
          }
        >
          FORMA DE INGRESSO
        </TEXT>
        <TEXT
          style={
            Object {
              "backgroundColor": "lightcyan",
              "color": "black",
              "padding": 5,
            }
          }
        >
          INGRESSO POR TRANSFERÊNCIA
        </TEXT>
      </VIEW>
      <VIEW
        style={
          Object {
            "fontSize": 10,
            "padding": "5 5 5 0",
            "width": "30%",
          }
        }
      >
        <TEXT
          style={
            Object {
              "backgroundColor": "gray",
              "borderBottom": "2px solid white",
              "color": "white",
              "padding": 5,
            }
          }
        >
          ESCOLA ENSINO MÉDIO
        </TEXT>
        <TEXT
          style={
            Object {
              "backgroundColor": "lightcyan",
              "color": "black",
              "padding": 5,
            }
          }
        >
          COLÉGIO EST.JOÃO TAVARES MARTINS
        </TEXT>
      </VIEW>
      <VIEW
        style={
          Object {
            "fontSize": 10,
            "padding": "5 5 5 0",
            "width": "30%",
          }
        }
      >
        <TEXT
          style={
            Object {
              "backgroundColor": "gray",
              "borderBottom": "2px solid white",
              "color": "white",
              "padding": 5,
            }
          }
        >
          NOTA DO IDEB*
        </TEXT>
        <TEXT
          style={
            Object {
              "backgroundColor": "lightcyan",
              "color": "black",
              "padding": 5,
            }
          }
        >
          Sem cadastro no Censo da Educação Básica 2017
        </TEXT>
      </VIEW>
    </VIEW>
    <TEXT
      style={
        Object {
          "fontSize": 14,
          "width": "100%",
        }
      }
    >
      DADOS SOCIO-ECONÔMICOS
    </TEXT>
    <VIEW
      style={
        Object {
          "borderBottom": "3 solid orange",
          "marginTop": 10,
          "width": "100%",
        }
      }
    />
    <VIEW
      style={
        Object {
          "flexDirection": "row",
          "justifyContent": "space-between",
          "width": "100%",
        }
      }
    >
      <VIEW
        style={
          Object {
            "fontSize": 10,
            "padding": "5 5 5 0",
            "width": "20%",
          }
        }
      >
        <TEXT
          style={
            Object {
              "backgroundColor": "gray",
              "borderBottom": "2px solid white",
              "color": "white",
              "padding": 5,
            }
          }
        >
          ANO DE INGRESSO
        </TEXT>
        <TEXT
          style={
            Object {
              "backgroundColor": "lightcyan",
              "color": "black",
              "padding": 5,
            }
          }
        >
          2013
        </TEXT>
      </VIEW>
      <VIEW
        style={
          Object {
            "fontSize": 10,
            "padding": "5 5 5 0",
            "width": "20%",
          }
        }
      >
        <TEXT
          style={
            Object {
              "backgroundColor": "gray",
              "borderBottom": "2px solid white",
              "color": "white",
              "padding": 5,
            }
          }
        >
          CIDADE
        </TEXT>
        <TEXT
          style={
            Object {
              "backgroundColor": "lightcyan",
              "color": "black",
              "padding": 5,
            }
          }
        >
          Goiania
        </TEXT>
      </VIEW>
      <VIEW
        style={
          Object {
            "fontSize": 10,
            "padding": "5 5 5 0",
            "width": "20%",
          }
        }
      >
        <TEXT
          style={
            Object {
              "backgroundColor": "gray",
              "borderBottom": "2px solid white",
              "color": "white",
              "padding": 5,
            }
          }
        >
          ETNIA
        </TEXT>
        <TEXT
          style={
            Object {
              "backgroundColor": "lightcyan",
              "color": "black",
              "padding": 5,
            }
          }
        >
          Não quis declarar cor/raça
        </TEXT>
      </VIEW>
      <VIEW
        style={
          Object {
            "fontSize": 10,
            "padding": "5 5 5 0",
            "width": "20%",
          }
        }
      >
        <TEXT
          style={
            Object {
              "backgroundColor": "gray",
              "borderBottom": "2px solid white",
              "color": "white",
              "padding": 5,
            }
          }
        >
          ESCOLA PÚBLICA
        </TEXT>
        <TEXT
          style={
            Object {
              "backgroundColor": "lightcyan",
              "color": "black",
              "padding": 5,
            }
          }
        >
          NÃO
        </TEXT>
      </VIEW>
      <VIEW
        style={
          Object {
            "fontSize": 10,
            "padding": "5 5 5 0",
            "width": "20%",
          }
        }
      >
        <TEXT
          style={
            Object {
              "backgroundColor": "gray",
              "borderBottom": "2px solid white",
              "color": "white",
              "padding": 5,
            }
          }
        >
          IDADE INGRESSO
        </TEXT>
        <TEXT
          style={
            Object {
              "backgroundColor": "lightcyan",
              "color": "black",
              "padding": 5,
            }
          }
        >
          20
        </TEXT>
      </VIEW>
    </VIEW>
    <TEXT
      style={
        Object {
          "fontSize": 14,
          "width": "100%",
        }
      }
    >
      DADOS ACADÊMICOS
    </TEXT>
    <VIEW
      style={
        Object {
          "borderBottom": "3 solid orange",
          "marginTop": 10,
          "width": "100%",
        }
      }
    />
    <VIEW
      style={
        Object {
          "flexDirection": "row",
          "justifyContent": "space-between",
          "width": "100%",
        }
      }
    >
      <VIEW
        style={
          Object {
            "fontSize": 10,
            "padding": "5 5 5 0",
            "width": "20%",
          }
        }
      >
        <TEXT
          style={
            Object {
              "backgroundColor": "gray",
              "borderBottom": "2px solid white",
              "color": "white",
              "padding": 5,
            }
          }
        >
          MODALIDADE DO CURSO
        </TEXT>
        <TEXT
          style={
            Object {
              "backgroundColor": "lightcyan",
              "color": "black",
              "padding": 5,
            }
          }
        >
          Presencial
        </TEXT>
      </VIEW>
      <VIEW
        style={
          Object {
            "fontSize": 10,
            "padding": "5 5 5 0",
            "width": "20%",
          }
        }
      >
        <TEXT
          style={
            Object {
              "backgroundColor": "gray",
              "borderBottom": "2px solid white",
              "color": "white",
              "padding": 5,
            }
          }
        >
          TURNO
        </TEXT>
        <TEXT
          style={
            Object {
              "backgroundColor": "lightcyan",
              "color": "black",
              "padding": 5,
            }
          }
        >
          Integral
        </TEXT>
      </VIEW>
      <VIEW
        style={
          Object {
            "fontSize": 10,
            "padding": "5 5 5 0",
            "width": "20%",
          }
        }
      >
        <TEXT
          style={
            Object {
              "backgroundColor": "gray",
              "borderBottom": "2px solid white",
              "color": "white",
              "padding": 5,
            }
          }
        >
          TRANCAMENTO
        </TEXT>
        <TEXT
          style={
            Object {
              "backgroundColor": "lightcyan",
              "color": "black",
              "padding": 5,
            }
          }
        >
          0
        </TEXT>
      </VIEW>
      <VIEW
        style={
          Object {
            "fontSize": 10,
            "padding": "5 5 5 0",
            "width": "20%",
          }
        }
      >
        <TEXT
          style={
            Object {
              "backgroundColor": "gray",
              "borderBottom": "2px solid white",
              "color": "white",
              "padding": 5,
            }
          }
        >
          MGA**
        </TEXT>
        <TEXT
          style={
            Object {
              "backgroundColor": "lightcyan",
              "color": "black",
              "padding": 5,
            }
          }
        >
          3.35
        </TEXT>
      </VIEW>
      <VIEW
        style={
          Object {
            "fontSize": 10,
            "padding": "5 5 5 0",
            "width": "20%",
          }
        }
      >
        <TEXT
          style={
            Object {
              "backgroundColor": "gray",
              "borderBottom": "2px solid white",
              "color": "white",
              "padding": 5,
            }
          }
        >
          INTEGRALIZAÇÃO (%)
        </TEXT>
        <TEXT
          style={
            Object {
              "backgroundColor": "lightcyan",
              "color": "black",
              "padding": 5,
            }
          }
        >
          59.57
          %
        </TEXT>
      </VIEW>
    </VIEW>
    <TEXT>
      

      

      

      

      

      

    </TEXT>
    <VIEW
      style={
        Object {
          "alignItems": "flex-start",
          "display": "flex",
          "flexDirection": "column",
          "fontSize": 12,
          "width": "100%",
        }
      }
    >
      <TEXT>
        LEGENDA:
      </TEXT>
      <TEXT>
        * IDEB - Índice de Desenvolvimento da Educação Básica
      </TEXT>
      <TEXT>
        ** MGA - Média Global do Aluno
      </TEXT>
    </VIEW>
  </PAGE>
</DOCUMENT>
`;
